Run options: include {focus: true}

All examples were filtered out; ignoring {focus: true}

Randomized with seed 38733
........Seeding database with sample data...
--- DEBUG: Rails environment: test
--- DEBUG: Rails version: 8.0.2
--- DEBUG: ActiveRecord version: 8.0.2
--- DEBUG: Business.industries: {"hair_salon" => "hair_salon", "beauty_spa" => "beauty_spa", "massage_therapy" => "massage_therapy", "fitness_studio" => "fitness_studio", "tutoring_service" => "tutoring_service", "cleaning_service" => "cleaning_service", "handyman_service" => "handyman_service", "pet_grooming" => "pet_grooming", "photography" => "photography", "consulting" => "consulting", "other" => "other"}
--- DEBUG: Business.tiers: {"free" => "free", "standard" => "standard", "premium" => "premium"}
--- DEBUG: Business.host_types: {"subdomain" => "subdomain", "custom_domain" => "custom_domain"}
--- DEBUG: Business.column_names: ["id", "name", "industry", "phone", "email", "website", "address", "city", "state", "zip", "description", "time_zone", "active", "created_at", "updated_at", "service_template_id", "tier", "hostname", "host_type", "subdomain", "hours", "stripe_customer_id", "show_services_section", "show_products_section", "show_estimate_page", "facebook_url", "twitter_url", "instagram_url", "pinterest_url", "linkedin_url", "tiktok_url", "youtube_url", "stripe_account_id", "status", "payment_reminders_enabled", "domain_coverage_applied", "domain_cost_covered", "domain_renewal_date", "domain_coverage_notes", "domain_auto_renewal_enabled", "domain_coverage_expires_at", "domain_registrar", "domain_registration_date"]
--- DEBUG: businesses table columns: [["id", "bigint"], ["name", "character varying"], ["industry", "character varying"], ["phone", "character varying"], ["email", "character varying"], ["website", "character varying"], ["address", "character varying"], ["city", "character varying"], ["state", "character varying"], ["zip", "character varying"], ["description", "text"], ["time_zone", "character varying"], ["active", "boolean"], ["created_at", "timestamp(6) without time zone"], ["updated_at", "timestamp(6) without time zone"], ["service_template_id", "bigint"], ["tier", "character varying"], ["hostname", "character varying"], ["host_type", "character varying"], ["subdomain", "character varying"], ["hours", "jsonb"], ["stripe_customer_id", "character varying"], ["show_services_section", "boolean"], ["show_products_section", "boolean"], ["show_estimate_page", "boolean"], ["facebook_url", "character varying"], ["twitter_url", "character varying"], ["instagram_url", "character varying"], ["pinterest_url", "character varying"], ["linkedin_url", "character varying"], ["tiktok_url", "character varying"], ["youtube_url", "character varying"], ["stripe_account_id", "character varying"], ["status", "character varying"], ["payment_reminders_enabled", "boolean"], ["domain_coverage_applied", "boolean"], ["domain_cost_covered", "numeric(8,2)"], ["domain_renewal_date", "date"], ["domain_coverage_notes", "text"], ["domain_auto_renewal_enabled", "boolean"], ["domain_coverage_expires_at", "date"], ["domain_registrar", "character varying"], ["domain_registration_date", "date"]]
Creating default tenant...
Default tenant created/found: Default Business (default, type: subdomain) ID: 1
Creating admin user (skipped in production)...
Admin user created with email: admin@example.com and password: password123
Creating sample data for Default Business...
Created customer: Sidney Kautzer
Created customer: Claude Lubowitz
Created customer: Paulette Bernhard
Created service: Basic Consultation
Created service: Website Setup
Created service: Monthly Support
Created staff member: Staff Member 1
Created staff member: Staff Member 2
Created booking at 2025-06-02 09:00 - 09:30 for Staff Member 1
Created booking at 2025-06-10 12:00 - 13:00 for Staff Member 1
Created booking at 2025-06-11 09:00 - 09:30 for Staff Member 2
Created booking at 2025-06-05 12:00 - 14:00 for Staff Member 2
Seed data creation complete!
Created admin user: bizblaststeam@gmail.com with password from ENV
....................................................................
--- Rendered HTML (Index Spec) ---
<div class="container">
  

  <div class="panel">
    <div class="panel-header">
      <h1>Business Orders</h1>
      <div class="panel-actions">
        <a href="/manage/dashboard">
          ← Back to Dashboard
</a>      </div>
    </div>
    
    <div class="panel-body">
      <!-- Filters -->
      <div class="filters">
        <div class="filter-group">
          <h3 class="filter-title">Filter by Status</h3>
          <div class="filter-options">
            <a class="filter-option active" href="/manage/orders">All</a>
                  
              <a class="filter-option " href="/manage/orders">Pending Payment</a>
              <a class="filter-option " href="/manage/orders">Paid</a>
              <a class="filter-option " href="/manage/orders">Cancelled</a>
              <a class="filter-option " href="/manage/orders">Shipped</a>
              <a class="filter-option " href="/manage/orders">Refunded</a>
              <a class="filter-option " href="/manage/orders">Processing</a>
              <a class="filter-option " href="/manage/orders">Business Deleted</a>
          </div>
        </div>
        
        <div class="filter-group">
          <h3 class="filter-title">Filter by Type</h3>
          <div class="filter-options">
            <a class="filter-option active" href="/manage/orders">All</a>
                  
              <a class="filter-option " href="/manage/orders">Product</a>
              <a class="filter-option " href="/manage/orders">Service</a>
              <a class="filter-option " href="/manage/orders">Mixed</a>
          </div>
        </div>
      </div>
      
      <!-- Status Dashboards by Order Type -->
      <div class="status-dashboards">
        <div class="dashboard-section">
          <h3>Product Orders</h3>
          <div class="status-cards">
            <div class="status-card payment">
              <div class="card-number">1</div>
              <div class="card-label">Pending Payment</div>
              <div class="card-description">Require immediate payment</div>
            </div>
            <div class="status-card ready">
              <div class="card-number">0</div>
              <div class="card-label">Ready to Ship</div>
              <div class="card-description">Paid, ready for fulfillment</div>
            </div>
            <div class="status-card shipped">
              <div class="card-number">0</div>
              <div class="card-label">Shipped</div>
              <div class="card-description">Products sent to customer</div>
            </div>
          </div>
        </div>

        <div class="dashboard-section">
          <h3>Service Bookings</h3>
          <div class="status-cards">
            <div class="status-card scheduled">
              <div class="card-number">0</div>
              <div class="card-label">Scheduled</div>
              <div class="card-description">Confirmed bookings</div>
            </div>
            <div class="status-card completed">
              <div class="card-number">1</div>
              <div class="card-label">Completed</div>
              <div class="card-description">Service finished</div>
            </div>
            <div class="status-card payment-pending">
              <div class="card-number">0</div>
              <div class="card-label">Payment Pending</div>
              <div class="card-description">Flexible payment services</div>
            </div>
          </div>
        </div>

        <div class="dashboard-section">
          <h3>Mixed Orders</h3>
          <div class="status-cards">
            <div class="status-card mixed-pending">
              <div class="card-number">0</div>
              <div class="card-label">Pending Payment</div>
              <div class="card-description">Products + Services</div>
            </div>
            <div class="status-card mixed-partial">
              <div class="card-number">0</div>
              <div class="card-label">Partial Fulfillment</div>
              <div class="card-description">Products shipped, services scheduled</div>
            </div>
          </div>
        </div>
      </div>

      <div class="actions" style="text-align: right; margin-bottom: 20px;">
        <a class="btn btn-primary" href="/manage/orders/new">Generate New Order</a>
      </div>
      
      <!-- Orders List -->
        <div class="table-responsive">
          <table class="data-table">
            <thead>
              <tr>
                <th>Order Number</th>
                <th>Date</th>
                <th>Customer</th>
                <th>Status</th>
                <th>Type</th>
                <th>Total</th>
                <th>Actions</th>
              </tr>
            </thead>
            <tbody>
                <tr>
                  <td><a href="/manage/orders/1">P123</a></td>
                  <td>30 May 00:24</td>
                  <td>Clair Bosco</td>
                  <td>
                    <span class="status-badge status-pending">
                      Pending Payment
                    </span>
                  </td>
                  <td>
                    <span class="type-badge type-product">
                      Product
                    </span>
                  </td>
                  <td>$12.66</td>
                  <td>
                    <a class="action-link" href="/manage/orders/1">View</a>
                    <a class="action-link ml-2" href="/manage/orders/1/edit">Edit</a>
                  </td>
                </tr>
                <tr>
                  <td><a href="/manage/orders/1">S456</a></td>
                  <td>30 May 00:24</td>
                  <td>Clair Bosco</td>
                  <td>
                    <span class="status-badge status-paid">
                      Paid
                    </span>
                  </td>
                  <td>
                    <span class="type-badge type-service">
                      Service
                    </span>
                  </td>
                  <td>$6.15</td>
                  <td>
                    <a class="action-link" href="/manage/orders/1">View</a>
                    <a class="action-link ml-2" href="/manage/orders/2/edit">Edit</a>
                  </td>
                </tr>
            </tbody>
          </table>
        </div>
    </div>
  </div>

  <style>
    .container { max-width: 1200px; margin: 0 auto; padding: 20px; }
    .notice { background: #e8f4f8; border: 1px solid #b8e0ed; padding: 10px; margin-bottom: 20px; border-radius: 4px; }
    .alert { background: #f8e8e8; border: 1px solid #edb8b8; padding: 10px; margin-bottom: 20px; border-radius: 4px; }
    
    .panel { background: white; border: 1px solid #ddd; border-radius: 4px; overflow: hidden; box-shadow: 0 2px 3px rgba(0,0,0,0.1); }
    .panel-header { display: flex; justify-content: space-between; align-items: center; padding: 15px 20px; border-bottom: 1px solid #eee; }
    .panel-header h1 { font-size: 24px; margin: 0; }
    .panel-actions a { color: #0066cc; text-decoration: none; }
    .panel-actions a:hover { text-decoration: underline; }
    .panel-body { padding: 20px; }
    
    .filters { background: #f5f5f5; padding: 15px; border-radius: 4px; margin-bottom: 20px; display: flex; flex-wrap: wrap; gap: 20px; }
    .filter-title { font-size: 14px; font-weight: bold; margin-bottom: 8px; }
    .filter-options { display: flex; flex-wrap: wrap; gap: 8px; }
    .filter-option { padding: 5px 10px; border-radius: 20px; font-size: 14px; text-decoration: none; background: #ddd; color: #333; }
    .filter-option:hover { background: #ccc; }
    .filter-option.active { background: #0066cc; color: white; }
    
    .data-table { width: 100%; border-collapse: collapse; }
    .data-table th, .data-table td { padding: 10px; text-align: left; border-bottom: 1px solid #eee; }
    .data-table th { background: #f5f5f5; font-weight: bold; }
    .data-table tr:hover { background: #f9f9f9; }
    
    .status-badge, .type-badge { display: inline-block; padding: 3px 8px; border-radius: 12px; font-size: 12px; font-weight: bold; }
    
    .status-pending { background: #fff3cd; color: #856404; }
    .status-paid { background: #d4edda; color: #155724; }
    .status-processing { background: #cce5ff; color: #004085; }
    .status-shipped { background: #d4edda; color: #155724; }
    .status-cancelled { background: #f8d7da; color: #721c24; }
    .status-refunded { background: #e2e3e5; color: #383d41; }
    
    .type-product { background: #e2f0d9; color: #345b27; }
    .type-service { background: #deebf7; color: #1a456b; }
    .type-mixed { background: #fff2cc; color: #856b36; }
    
    .action-link { color: #0066cc; text-decoration: none; }
    .action-link:hover { text-decoration: underline; }
    
    .empty-state { text-align: center; padding: 40px 0; color: #666; }
    .table-responsive { overflow-x: auto; }
    
    /* Status Dashboard Styles */
    .status-dashboards { margin-bottom: 30px; }
    .dashboard-section { margin-bottom: 25px; }
    .dashboard-section h3 { font-size: 18px; margin-bottom: 15px; color: #333; border-bottom: 2px solid #eee; padding-bottom: 5px; }
    .status-cards { display: flex; flex-wrap: wrap; gap: 15px; }
    .status-card { background: white; border: 1px solid #ddd; border-radius: 8px; padding: 20px; min-width: 150px; text-align: center; box-shadow: 0 2px 4px rgba(0,0,0,0.1); transition: transform 0.2s; }
    .status-card:hover { transform: translateY(-2px); box-shadow: 0 4px 8px rgba(0,0,0,0.15); }
    .card-number { font-size: 32px; font-weight: bold; margin-bottom: 5px; }
    .card-label { font-size: 14px; font-weight: bold; margin-bottom: 3px; }
    .card-description { font-size: 12px; color: #666; }
    
    /* Status-specific colors */
    .status-card.payment .card-number { color: #dc3545; }
    .status-card.ready .card-number { color: #28a745; }
    .status-card.shipped .card-number { color: #17a2b8; }
    .status-card.scheduled .card-number { color: #007bff; }
    .status-card.completed .card-number { color: #28a745; }
    .status-card.payment-pending .card-number { color: #ffc107; }
    .status-card.mixed-pending .card-number { color: #fd7e14; }
    .status-card.mixed-partial .card-number { color: #6f42c1; }
  </style>
</div> 
---
Debug: Checking order number: "P123"
Debug: Checking order number: "S456"
..............DEBUG: @request.host = 
lvh.me
DEBUG: CartsController#show called
DEBUG: Current tenant: nil
DEBUG: Current request subdomain: 
DEBUG: CartManager#retrieve called
DEBUG: Current tenant in retrieve: 
DEBUG: Variant IDs in session: []
DEBUG: Variants found by query: []
DEBUG: Cart content: {}
.DEBUG: @request.host = 
lvh.me
DEBUG: CartsController#show called
DEBUG: Current tenant: nil
DEBUG: Current request subdomain: 
DEBUG: CartManager#retrieve called
DEBUG: Current tenant in retrieve: 
DEBUG: Variant IDs in session: []
DEBUG: Variants found by query: []
DEBUG: Cart content: {}
...........................................................................................................................................................................................................................................................................................................TENANT SCOPED BOOKING SUMMARY RESPONSE BODY EXCERPT:
<h3>Booking Status Summary</h3>
                  <div class="panel_contents">
                    <h4>Tenant Context: Biz One</h4>
                    <table border="0" cellspacing="0" cellpadding="0">
                      <thead>
                        <tr>
                          <th>Status</th>
                          <th>Count</th>
                        </tr>
                      </thead>
                      <tbody>
                        <tr>
                          <td>Pending</td>
                          <td>1</td>
                        </tr>
                        <tr>
                          <td>Confirmed</td>
                          <td>1</td>
                        </tr>
                        <tr>
                          <td>Completed</td>
                          <td>0</td>
                        </tr>
                        <tr>
                          <td>Cancelled</td>
                          <td>0</td>
                        </tr>
                      </tbody>
                    </table>
                  </div>
.GLOBAL SYSTEM METRICS RESPONSE BODY EXCERPT:
<div class="panel_contents">
                    <table border="0" cellspacing="0" cellpadding="0">
                      <thead>
                        <tr>
                          <th>Metric</th>
                          <th>Count</th>
                        </tr>
                      </thead>
                      <tbody></tbody>
                    </table>
                  </div>
.......................................................................................................DEBUG: CartManager#add called with variant_id: 2, quantity: 2
DEBUG: Cart content after add: {"2" => 2}
.........................................Exception for today: [{"start" => "11:00", "end" => "14:00"}]
Exception for tomorrow: []
.Exception for today: [{"start" => "11:00", "end" => "14:00"}]
Exception for tomorrow: []
.Exception for today: [{"start" => "11:00", "end" => "14:00"}]
Exception for tomorrow: []
Today's date: 2025-05-29
Today 9am: 2025-05-29 09:00:00.000000000 UTC +00:00
Complex member availability: {"monday" => [{"start" => "08:00", "end" => "12:00"}, {"start" => "13:00", "end" => "17:00"}], "tuesday" => [], "wednesday" => [{"start" => "09:00", "end" => "17:00"}], "thursday" => [{"start" => "09:00", "end" => "17:00"}], "friday" => [{"start" => "09:00", "end" => "17:00"}], "saturday" => [{"start" => "10:00", "end" => "15:00"}], "sunday" => [], "exceptions" => {"2025-05-29" => [{"start" => "11:00", "end" => "14:00"}], "2025-05-30" => [], "2025-05-31" => []}}
Date string being used for lookup: 2025-05-29
Exceptions keys: ["2025-05-29", "2025-05-30", "2025-05-31"]
Exception exists for today: true
Intervals returned: [{"start" => "11:00", "end" => "14:00"}]
Final result: false
...................................................................................................................................................................................................................................................................................................................................................................................................................................................................................................................................................................................................................................................Debug: Order has 2 line items
Debug: Line items: [#<LineItem id: nil, lineable_type: "Order", lineable_id: 1, product_variant_id: nil, quantity: 4, price: nil, total_amount: nil, created_at: nil, updated_at: nil, service_id: nil, staff_member_id: nil>, #<LineItem id: nil, lineable_type: "Order", lineable_id: 1, product_variant_id: nil, quantity: 3, price: nil, total_amount: nil, created_at: nil, updated_at: nil, service_id: nil, staff_member_id: nil>]
Debug: Status: "pending_payment"
Debug: Status titleize: "Pending Payment"
Debug: Order type: "product"
Debug: Order type titleize: "Product"

--- Rendered HTML (Show Spec) ---
<h1>Order Details: ORD-6562FF8F03F0</h1>

<p>
  <strong>Business:</strong> Business 1<br>
  <strong>Order Number:</strong> ORD-6562FF8F03F0<br>
  <strong>Status:</strong>
  <span class="status-badge status-pending_payment">
    Pending Payment
  </span><br>
  <strong>Type:</strong>
  <span class="type-badge type-product">
    Product
  </span><br>
  <strong>Date:</strong> May 30, 2025 00:27<br>
    <strong>Customer Name:</strong> Test Customer<br>
    <strong>Customer Email:</strong> test@example.com<br>
    <strong>Customer Phone:</strong> 555-1234<br>
</p>

<h2>Items:</h2>

  <h3>Products</h3>
  <table>
    <thead>
      <tr>
        <th>Product</th>
        <th>Variant</th>
        <th>SKU</th>
        <th>Quantity</th>
        <th>Unit Price</th>
        <th>Total</th>
      </tr>
    </thead>
    <tbody>
        <tr>
          <td>Product 7eb58b83</td>
          <td>Blue a3c0</td>
          <td>N/A</td>
          <td>4</td>
          <td></td>
          <td>$0.00</td>
        </tr>
        <tr>
          <td>Product 27e84fd8</td>
          <td>Large cf7a</td>
          <td>N/A</td>
          <td>3</td>
          <td></td>
          <td>$0.00</td>
        </tr>
    </tbody>
  </table>



<h2>Financial Summary:</h2>
<p>
  <strong>Subtotal (Items):</strong> $0.00<br>
    <strong>Shipping Method:</strong> Standard Shipping<br>
    <strong>Shipping Cost:</strong> $5.99<br>
    <strong>Tax (Sales Tax - 8.00%):</strong> $5.47<br>
  <strong>Total Amount:</strong> $73.89
</p>

  <h2>Shipping Address:</h2>
  <address>
    <p>123 Shipping St
<br />Shippingville, CA 90210</p>
  </address>

  <h2>Billing Address:</h2>
  <address>
    <p>456 Billing Ave
<br />Billingtown, CA 90211</p>
  </address>

  <h2>Order Notes:</h2>
  <p><p>Please deliver to the back door</p></p>

<a href="/manage/orders">Back to Business Orders</a>
 
---
...............................................................................................................DEBUG: CartManager#retrieve called
DEBUG: Current tenant in retrieve: testtenant
DEBUG: Variant IDs in session: ["2"]
DEBUG: Variants found by query: [2]
.DEBUG: CartManager#retrieve called
DEBUG: Current tenant in retrieve: testtenant
DEBUG: Variant IDs in session: ["2"]
DEBUG: Variants found by query: [2]
.DEBUG: CartManager#retrieve called
DEBUG: Current tenant in retrieve: testtenant
DEBUG: Variant IDs in session: ["2"]
DEBUG: Variants found by query: [2]
..................................

Top 0 slowest examples (0 seconds, 0.0% of total time):

Finished in 4 minutes 35.7 seconds (files took 3.59 seconds to load)
1311 examples, 0 failures

Randomized with seed 38733

Coverage report generated for RSpec-main to /Users/brianlane/bizblasts/coverage.
Line Coverage: 68.14% (5302 / 7781)
Branch Coverage: 46.81% (1137 / 2429)
